---
source: toml-pretty-deser/tests/a01.rs
expression: "e.pretty(\"test.toml\")"
---
Error 1/1
  ╭─test.toml
  ┆
3 │         [boxed]
4 │             name = 'only_name'
  ┆                               ┬
  ┆                               │
  ┆                               ╰─ Missing required key: 'value'.
──╯
