---
source: toml-pretty-deser/tests/a01.rs
expression: pretty
---
Error 1/2
   ╭─test.toml
   ┆
12 │         [nested_tagged_enum]
13 │             b = 10
14 │             kind = 'KindA'
   ┆                           ┬
   ┆                           │
   ┆                           ╰─ Missing required key: 'a'.
───╯

Error 2/2
   ╭─test.toml
   ┆
12 │         [nested_tagged_enum]
13 │             b = 10
   ┆             ┬
   ┆             │
   ┆             ╰────── Unknown key.
14 │             kind = 'KindA'
   ┆                    ───┬───
   ┆                       │
   ┆                       ╰──── Involving this enum variant.
───╯
Hint: Did you mean: 'a'?
