---
source: toml-pretty-deser/tests/absorb_remaining.rs
expression: "e.pretty(\"test.toml\")"
---
Error 1/1
  ╭─test.toml
  ┆
1 │ 
2 │         name = "test"
3 │         bad_number = "not a number"
  ┆                      ───────┬──────
  ┆                             │      
  ┆                             ╰─────── Wrong type: expected i64, found string
──╯
Hint: This value has the wrong type.
