---
source: toml-pretty-deser/tests/b01.rs
expression: "e.pretty(\"test.toml\")"
---
Error 1/1
  ╭─test.toml
  ┆
2 │     [inner]
3 │         ok = 42
4 │         absolutly_not = 43
  ┆         ──────┬──────
  ┆               │
  ┆               ╰──────────── Keys cannot start with 'A'
──╯
Hint: Help text goes here
