---
source: toml-pretty-deser/tests/basic.rs
expression: "errors[0].pretty(\"test.toml\")"
---
  ╭─test.toml
  ┆

2 │         a = 5
  ┆             ┬
  ┆             │
  ┆             ╰─ a+b+c must add up to 100. Sum was 18.
3 │         b = 10
  ┆             ─┬
  ┆              │
  ┆              ╰─ See a
4 │         c = 3
  ┆             ┬
  ┆             │
  ┆             ╰─ See c
──╯
Hint: For example, set a = 33, b=66, c=0
