---
source: toml-pretty-deser/tests/maps.rs
expression: "e.pretty(\"test.toml\")"
---
Error 1/8
  ╭─test.toml
  ┆
1 │ 
  ┆ ┬
  ┆ │
  ┆ ╰─ Missing required key: 'mapped_u8'.
──╯
Hint: This key is required but was not found in the TOML document.

Error 2/8
  ╭─test.toml
  ┆
1 │ 
  ┆ ┬
  ┆ │
  ┆ ╰─ Missing required key: 'mapped_enum'.
──╯
Hint: This key is required but was not found in the TOML document.

Error 3/8
  ╭─test.toml
  ┆
1 │ 
  ┆ ┬
  ┆ │
  ┆ ╰─ Missing required key: 'mapped_either'.
──╯
Hint: This key is required but was not found in the TOML document.

Error 4/8
  ╭─test.toml
  ┆
1 │ 
  ┆ ┬
  ┆ │
  ┆ ╰─ Missing required key: 'mapped_struct'.
──╯
Hint: This key is required but was not found in the TOML document.

Error 5/8
  ╭─test.toml
  ┆
1 │ 
  ┆ ┬
  ┆ │
  ┆ ╰─ Missing required key: 'mapped_vec_string'.
──╯
Hint: This key is required but was not found in the TOML document.

Error 6/8
  ╭─test.toml
  ┆
2 │         [mapped_vec_enum]
3 │             a = ['AlphaBeta', 'InvalidVariant']
  ┆                               ────────┬─────── 
  ┆                                       │        
  ┆                                       ╰───────── Invalid enum variant.
──╯
Hint: Did you mean: 'AlphaBeta' or 'GammaDelta'?

Error 7/8
  ╭─test.toml
  ┆
1 │ 
  ┆ ┬
  ┆ │
  ┆ ╰─ Missing required key: 'mapped_vec_either'.
──╯
Hint: This key is required but was not found in the TOML document.

Error 8/8
  ╭─test.toml
  ┆
1 │ 
  ┆ ┬
  ┆ │
  ┆ ╰─ Missing required key: 'mapped_vec_struct'.
──╯
Hint: This key is required but was not found in the TOML document.
