---
source: toml-pretty-deser/tests/tagged_enum.rs
expression: "errors[0].pretty(\"test.toml\")"
---
  ╭─test.toml
  ┆
2 │     [choice]
3 │         kind = 'Nosuchenumvalue'
  ┆                ────────┬────────
  ┆                        │
  ┆                        ╰───────── Unknown enum variant
──╯
Hint: Did you mean: 'KindA' or 'KindB'?
