---
source: toml-pretty-deser/tests/tdp_make_enum.rs
expression: "e.pretty(\"test.toml\")"
---
Error 1/1
  ╭─test.toml
  ┆
1 │ 
2 │         color = 'Red'
3 │         colors = ['Red', 'InvalidColor', 'Blue']
  ┆                          ───────┬──────         
  ┆                                 │               
  ┆                                 ╰──────────────── Invalid enum variant.
──╯
Hint: Did you mean: 'Red', 'Blue', or 'Green'?
