---
source: toml-pretty-deser/tests/basic.rs
expression: "e.pretty(\"test.toml\")"
---
Error 1/2
  ╭─test.toml
  ┆
5 │         [level1.level2]
6 │             other = 2
  ┆             ──┬──
  ┆               │
  ┆               ╰─────── Unknown key.
──╯
Hint: Did you mean: 'data'?

Error 2/2
  ╭─test.toml
  ┆
5 │         [level1.level2]
  ┆         ───────┬───────
  ┆                │
  ┆                ╰──────── Missing required key: 'data'.
──╯
Hint: This key is required but was not found in the TOML document.
