---
source: toml-pretty-deser/tests/basic.rs
expression: "result.unwrap_err().pretty(\"test.toml\")"
---
Error 1/2
  ╭─test.toml
  ┆
2 │         API_KEY = 'shouty alias'
  ┆         ───┬───
  ┆            │
  ┆            ╰───────────────────── Key/alias conflict (defined multiple times)
5 │         api-key = 24
  ┆         ───┬───
  ┆            │
  ┆            ╰───────── Also defined here
──╯
Hint: Use only one of the keys involved. Canonical is 'api_key'

Error 2/2
  ╭─test.toml
  ┆
1 │ 
2 │         API_KEY = 'shouty alias'
3 │         htmlparser= '23'
  ┆         ─────┬────
  ┆              │
  ┆              ╰─────────── Key/alias conflict (defined multiple times)
4 │         HTMLPARSER = 'consecutive caps'
  ┆         ─────┬────
  ┆              │
  ┆              ╰────────────────────────── Also defined here
──╯
Hint: Use only one of the keys involved. Canonical is 'html_parser'
